
> campus-marketplace@1.0.0 build
> cross-env NODE_OPTIONS=--openssl-legacy-provider react-scripts build

Creating an optimized production build...

Treating warnings as errors because process.env.CI = true.
Most CI servers set it automatically.

Failed to compile.

src\Components\Dashboard\MyAds.js
  Line 20:10:  'isPendingExpired' is defined but never used  no-unused-vars

src\Components\Header\Header.js
  Line 4:8:  'OlxLogo' is defined but never used  no-unused-vars

src\Components\Profile\LinkedAccounts.js
  Line 2:10:  Import Database unnecessarily renamed  no-useless-rename

src\Components\View\View\useViewData.js
  Line 16:23:  'error' is assigned a value but never used  no-unused-vars
  Line 34:21:  'error' is assigned a value but never used  no-unused-vars


